// Jest Snapshot v1, https://goo.gl/fbAQLP

exports[`expect to render card component 1`] = `
"<div>
  <Card id={1} name=\\"jane\\" email=\\"jane@gmail.com\\" />
</div>"
`;
